✔ shared snapshots and selection do not create geometry edits (3.861ms)
✔ room changes commit once and history restores exact geometry (7.9814ms)
✔ room deletion requires confirmation and is one reversible active-floor edit (3.6144ms)
✔ deleting a room never deletes the corresponding room on another floor (5.57ms)
✔ invalid commands roll back document and adapter state (3.8924ms)
✔ solar inputs are retained in project export instead of remaining DOM-only (0.992ms)
✔ floors retain independent rooms, electrical points and elevations (2.3236ms)
✔ floor duplication remaps semantic attachments instead of sharing their IDs (2.1258ms)
✔ project import/export preserves storeys and a failed import preserves current work (2.5799ms)
✔ the last floor cannot be deleted and a new project gets fresh scope IDs (2.6588ms)
✔ cancelled legacy drag restores its starting layout without a history entry (0.7024ms)
✔ Undo cannot re-enter an in-progress command from a render notification (2.0756ms)
✔ floor remapping only changes scoped identifiers, not unrelated text (1.0762ms)
✔ a direct staircase move preserves every other room and creates one shared Undo entry despite render notifications (75.4849ms)
✔ a staircase gesture records one complete layout and restores exact sibling footprints with Undo and Redo (22.7686ms)
✔ a direct move that repacks another room is rejected and preserves the project and selection (5.2928ms)
✔ history refuses a repacked restore without consuming its entry or overwriting current work (19.5159ms)
✔ to-wall-end is exact while deliberately entered partial widths retain small fragments (23.1268ms)
✔ to-wall-end intent survives JSON and follows a changed host span without rebasing its start (8.4299ms)
✔ retained-end trim removes real material, retains host origins and diagnoses cut-away attachments (49.7182ms)
✔ retained-end changes reject outside-original or inverted spans and preserve every authored record (16.6864ms)
✔ trim-only edits and a retained end that follows the host round-trip without inventing an opening (13.7647ms)
✔ exterior and protected partitions reject direct removal, trim and inappropriate opening placement (28.8575ms)
✔ typed opening and to-end commands reject malformed inputs rather than clamping them (41.6407ms)
✔ new door and window commands produce true cutouts, distinct operating state and stable identities (28.6586ms)
✔ new openings reject wall ends, existing apertures, missing hosts and trimmed material atomically (37.6243ms)
✔ new wall-edit forms are strictly validated, including inactive-floor imports (16.4616ms)
✔ door offset and height edits use the exact canonical host; wall-end apertures need no legacy glyph margin (18.8525ms)
✔ balcony deletion uses shared source and model selection, preserves siblings and is one reversible edit (20.5906ms)
✔ an adapter that renumbers a surviving balcony rolls back instead of deleting by pixels or array index (3.9342ms)
✔ floor duplication remaps explicit opening hosts, retains balcony source identities and leaves empty floors empty (29.2435ms)
✔ balcony identity validation and opaque source remapping follow existing room identity rules (1.5798ms)
✔ old schema-1 documents remain unmodified and gain no optional feature records (49.2529ms)
✔ every feature collection and all null physical inputs round-trip exactly (39.4766ms)
✔ unknown authored versions and fields are rejected (14.7069ms)
✔ unknown documentation versions and fields are rejected (11.7938ms)
✔ unknown siteDatum versions and fields are rejected (14.7825ms)
✔ recognized record fields have strict semantic schemas, scoped IDs and unique identities (260.4653ms)
✔ authored commands are atomic, version checked and never turn NaN/Infinity into unknown (19.6777ms)
✔ feature setters, upsert, delete, undo and redo preserve exact record contents (104.4656ms)
✔ floor navigation and object selection do not change inputs, revision, history or storage identity (36.3203ms)
✔ inactive-floor authored records are isolated; active-floor duplication remaps all references (63.4007ms)
✔ deleting a floor retains cross-floor anchors and produces explicit unresolved diagnostics (64.2107ms)
✔ dimensions resolve host positions and follow edits without replacing authored anchors (69.2342ms)
✔ deleted furniture and authored hosts stay referenced, unresolved and undoable (68.5457ms)
✔ wall anchors diagnose changed spans, removed hosts and missing IDs without reattachment (94.7773ms)
✔ wall anchors cannot silently resolve into an aperture void (34.8002ms)
✔ cyclic hosts, system mismatches and deleted view references remain explicit (21.7567ms)
✔ site projection preserves plate/plot distinction and every supported geometric representation (9.5832ms)
✔ site, legacy 3D-centered and sun-analysis coordinates have canonical physical parity (28.4476ms)
✔ vertical datum, storey stacking, explicit elevation and unknown absolute level are distinguished (58.5936ms)
✔ missing or incompatible site geometry is unresolved instead of invented (24.6381ms)
✔ snapshots are immutable copies with deterministic input and engine provenance, not results (53.7276ms)
✔ unknown anchor positions stay null rather than generating plausible coordinates (23.4307ms)
✔ known output writes and zoom-only navigation leave input fingerprints unchanged (63.388ms)
✔ floor navigation preserves redo and inactive-floor duplication retains references (118.2109ms)
✔ different floor-local origins still resolve the same physical site position (18.0069ms)
✔ failed restore and navigation preserve data, selection and history atomically (22.6896ms)
✔ JSON and browser storage envelopes preserve records and reject feature corruption through real model (118.3765ms)
✔ classic offline scripts load in dependency order and expose the same APIs (15.3003ms)
✔ 22 doubly linked beams resolve with bounded branching work, not exponential traversal (63.0081ms)
✔ branching cyclic hosts also have bounded work and retain cyclic diagnostics (19.6514ms)
✔ memoized shallow hosts do not bypass the 64-level limit in deeper callers or depend on record order (99.6383ms)
✔ cycle length 1 preserves cycle versus depth-limit precedence (12.9663ms)
✔ cycle length 63 preserves cycle versus depth-limit precedence (74.7401ms)
✔ cycle length 64 preserves cycle versus depth-limit precedence (79.4343ms)
✔ cycle length 65 preserves cycle versus depth-limit precedence (72.9583ms)
✔ memoized branching diagnostics match path-local traversal across mixed cyclic and broken hosts (553.5051ms)
✔ copy active floor with / namespace-like source IDs preserves every host (250.716ms)
✔ copy inactive floor with / namespace-like source IDs preserves every host (241.175ms)
✔ copy active floor with : namespace-like source IDs preserves every host (195.782ms)
✔ copy inactive floor with : namespace-like source IDs preserves every host (186.9103ms)
ℹ tests 72
ℹ suites 0
ℹ pass 72
ℹ fail 0
ℹ cancelled 0
ℹ skipped 0
ℹ todo 0
ℹ duration_ms 2192.904
